// Jest Snapshot v1, https://goo.gl/fbAQLP

exports[`ec2.service ec2.service.securityGroups.success 1`] = `
Object {
  "body": "{\\"data\\":[{\\"Description\\":\\"TrendMicro-Assignment-Test\\",\\"GroupName\\":\\"TrendMicro-Assignment-Test\\",\\"IpPermissions\\":[{\\"FromPort\\":80,\\"IpProtocol\\":\\"tcp\\",\\"IpRanges\\":[{\\"CidrIp\\":\\"0.0.0.0/0\\"}],\\"Ipv6Ranges\\":[{\\"CidrIpv6\\":\\"::/0\\"}],\\"PrefixListIds\\":[],\\"ToPort\\":80,\\"UserIdGroupPairs\\":[]}],\\"OwnerId\\":\\"TrendMicro\\",\\"GroupId\\":\\"sg-trendMicro\\",\\"IpPermissionsEgress\\":[{\\"IpProtocol\\":\\"-1\\",\\"IpRanges\\":[{\\"CidrIp\\":\\"0.0.0.0/0\\"}],\\"Ipv6Ranges\\":[],\\"PrefixListIds\\":[],\\"UserIdGroupPairs\\":[]}],\\"VpcId\\":\\"vpc-trendMicro\\"}]}",
  "statusCode": 200,
}
`;

exports[`ec2.service ec2.service.securityGroups.success.with.NextToken 1`] = `
Object {
  "body": "{\\"data\\":[{\\"Description\\":\\"TrendMicro-Assignment-Test\\",\\"GroupName\\":\\"TrendMicro-Assignment-Test\\",\\"IpPermissions\\":[{\\"FromPort\\":80,\\"IpProtocol\\":\\"tcp\\",\\"IpRanges\\":[{\\"CidrIp\\":\\"0.0.0.0/0\\"}],\\"Ipv6Ranges\\":[{\\"CidrIpv6\\":\\"::/0\\"}],\\"PrefixListIds\\":[],\\"ToPort\\":80,\\"UserIdGroupPairs\\":[]}],\\"OwnerId\\":\\"TrendMicro\\",\\"GroupId\\":\\"sg-trendMicro\\",\\"IpPermissionsEgress\\":[{\\"IpProtocol\\":\\"-1\\",\\"IpRanges\\":[{\\"CidrIp\\":\\"0.0.0.0/0\\"}],\\"Ipv6Ranges\\":[],\\"PrefixListIds\\":[],\\"UserIdGroupPairs\\":[]}],\\"VpcId\\":\\"vpc-trendMicro\\"},{\\"Description\\":\\"TrendMicro-Assignment-Test\\",\\"GroupName\\":\\"TrendMicro-Assignment-Test\\",\\"IpPermissions\\":[{\\"FromPort\\":80,\\"IpProtocol\\":\\"tcp\\",\\"IpRanges\\":[{\\"CidrIp\\":\\"0.0.0.0/0\\"}],\\"Ipv6Ranges\\":[{\\"CidrIpv6\\":\\"::/0\\"}],\\"PrefixListIds\\":[],\\"ToPort\\":80,\\"UserIdGroupPairs\\":[]}],\\"OwnerId\\":\\"TrendMicro\\",\\"GroupId\\":\\"sg-trendMicro\\",\\"IpPermissionsEgress\\":[{\\"IpProtocol\\":\\"-1\\",\\"IpRanges\\":[{\\"CidrIp\\":\\"0.0.0.0/0\\"}],\\"Ipv6Ranges\\":[],\\"PrefixListIds\\":[],\\"UserIdGroupPairs\\":[]}],\\"VpcId\\":\\"vpc-trendMicro\\"}]}",
  "statusCode": 200,
}
`;
